{
  "name": "my_component",
  "version": "0.1.0",
  "main": [
    "a.js"
  ],
  "dependencies": {
    "jquery": "1.9.2"
  }
}